temp file for fork
